// Jest Snapshot v1, https://goo.gl/fbAQLP

exports[`Transaction form  renders 1`] = `ShallowWrapper {}`;
